
Allocating common symbols
Common symbol       size              file

kbd_buf             0x6c              build/keyboard.o
thread_ready_list   0x10              build/thread.o
thread_all_list     0x10              build/thread.o
user_pool           0x2c              build/memory.o
intr_name           0xc0              build/interrupt.o
main_thread         0x4               build/thread.o
ticks               0x4               build/timer.o
kernel_vaddr        0xc               build/memory.o
syscall_table       0x80              build/syscall-init.o
idt_table           0xc0              build/interrupt.o
kernel_pool         0x2c              build/memory.o

Discarded input sections

 .note.GNU-stack
                0x0000000000000000        0x0 build/main.o
 .note.GNU-stack
                0x0000000000000000        0x0 build/init.o
 .note.GNU-stack
                0x0000000000000000        0x0 build/interrupt.o
 .note.GNU-stack
                0x0000000000000000        0x0 build/timer.o
 .note.GNU-stack
                0x0000000000000000        0x0 build/debug.o
 .note.GNU-stack
                0x0000000000000000        0x0 build/memory.o
 .note.GNU-stack
                0x0000000000000000        0x0 build/bitmap.o
 .note.GNU-stack
                0x0000000000000000        0x0 build/string.o
 .note.GNU-stack
                0x0000000000000000        0x0 build/thread.o
 .note.GNU-stack
                0x0000000000000000        0x0 build/list.o
 .note.GNU-stack
                0x0000000000000000        0x0 build/console.o
 .note.GNU-stack
                0x0000000000000000        0x0 build/sync.o
 .note.GNU-stack
                0x0000000000000000        0x0 build/keyboard.o
 .note.GNU-stack
                0x0000000000000000        0x0 build/ioqueue.o
 .note.GNU-stack
                0x0000000000000000        0x0 build/tss.o
 .note.GNU-stack
                0x0000000000000000        0x0 build/process.o
 .note.GNU-stack
                0x0000000000000000        0x0 build/syscall-init.o
 .note.GNU-stack
                0x0000000000000000        0x0 build/syscall.o
 .note.GNU-stack
                0x0000000000000000        0x0 build/stdio.o

Memory Configuration

Name             Origin             Length             Attributes
*default*        0x0000000000000000 0xffffffffffffffff

Linker script and memory map

Address of section .text set to 0xc0001500
LOAD build/main.o
LOAD build/init.o
LOAD build/interrupt.o
LOAD build/timer.o
LOAD build/kernel.o
LOAD build/print.o
LOAD build/debug.o
LOAD build/memory.o
LOAD build/bitmap.o
LOAD build/string.o
LOAD build/thread.o
LOAD build/switch.o
LOAD build/list.o
LOAD build/console.o
LOAD build/sync.o
LOAD build/keyboard.o
LOAD build/ioqueue.o
LOAD build/tss.o
LOAD build/process.o
LOAD build/syscall-init.o
LOAD build/syscall.o
LOAD build/stdio.o
                [!provide]                        PROVIDE (__executable_start, 0x8048000)
                0x0000000008048094                . = (0x8048000 + SIZEOF_HEADERS)

.interp
 *(.interp)

.note.gnu.build-id
 *(.note.gnu.build-id)

.hash
 *(.hash)

.gnu.hash
 *(.gnu.hash)

.dynsym
 *(.dynsym)

.dynstr
 *(.dynstr)

.gnu.version
 *(.gnu.version)

.gnu.version_d
 *(.gnu.version_d)

.gnu.version_r
 *(.gnu.version_r)

.rel.dyn        0x0000000008048094        0x0
 *(.rel.init)
 *(.rel.text .rel.text.* .rel.gnu.linkonce.t.*)
 .rel.text      0x0000000008048094        0x0 build/main.o
 *(.rel.fini)
 *(.rel.rodata .rel.rodata.* .rel.gnu.linkonce.r.*)
 *(.rel.data.rel.ro .rel.data.rel.ro.* .rel.gnu.linkonce.d.rel.ro.*)
 *(.rel.data .rel.data.* .rel.gnu.linkonce.d.*)
 *(.rel.tdata .rel.tdata.* .rel.gnu.linkonce.td.*)
 *(.rel.tbss .rel.tbss.* .rel.gnu.linkonce.tb.*)
 *(.rel.ctors)
 *(.rel.dtors)
 *(.rel.got)
 *(.rel.bss .rel.bss.* .rel.gnu.linkonce.b.*)
 *(.rel.ifunc)

.rel.plt        0x0000000008048094        0x0
 *(.rel.plt)
                [!provide]                        PROVIDE (__rel_iplt_start, .)
 *(.rel.iplt)
                [!provide]                        PROVIDE (__rel_iplt_end, .)

.init
 *(SORT(.init))

.plt
 *(.plt)
 *(.iplt)

.plt.got
 *(.plt.got)

.text           0x00000000c0001500     0x3736
 *(.text.unlikely .text.*_unlikely .text.unlikely.*)
 *(.text.exit .text.exit.*)
 *(.text.startup .text.startup.*)
 *(.text.hot .text.hot.*)
 *(.text .stub .text.* .gnu.linkonce.t.*)
 .text          0x00000000c0001500      0x133 build/main.o
                0x00000000c0001500                main
                0x00000000c00015a3                k_thread_a
                0x00000000c00015ca                k_thread_b
                0x00000000c00015f1                u_prog_a
                0x00000000c0001612                u_prog_b
 .text          0x00000000c0001633       0x37 build/init.o
                0x00000000c0001633                init_all
 .text          0x00000000c000166a      0x49b build/interrupt.o
                0x00000000c0001688                set_cursor
                0x00000000c0001a0a                idt_init
                0x00000000c0001a55                intr_enable
                0x00000000c0001a7e                intr_disable
                0x00000000c0001aa7                intr_set_status
                0x00000000c0001ac5                intr_get_status
                0x00000000c0001ae9                register_handler
 .text          0x00000000c0001b05      0x1b6 build/timer.o
                0x00000000c0001c5b                timer_init
 *fill*         0x00000000c0001cbb        0x5 
 .text          0x00000000c0001cc0      0x55b build/kernel.o
                0x00000000c0001cc0                intr_exit
                0x00000000c00021f7                syscall_handler
 *fill*         0x00000000c000221b        0x5 
 .text          0x00000000c0002220       0xeb build/print.o
                0x00000000c0002220                put_char
                0x00000000c00022ed                put_str
 .text          0x00000000c000230b       0xa5 build/debug.o
                0x00000000c000230b                panic_spin
 .text          0x00000000c00023b0      0x919 build/memory.o
                0x00000000c0002572                mem_init
                0x00000000c00026d7                pte_ptr
                0x00000000c0002707                pde_ptr
                0x00000000c0002937                malloc_page
                0x00000000c0002a33                get_kernel_pages
                0x00000000c0002aa6                get_user_pages
                0x00000000c0002afc                get_a_page
                0x00000000c0002c9d                addr_v2p
 .text          0x00000000c0002cc9      0x266 build/bitmap.o
                0x00000000c0002cc9                bitmap_init
                0x00000000c0002cf0                bitmap_scan_test
                0x00000000c0002d30                bitmap_scan
                0x00000000c0002e74                bitmap_set
 .text          0x00000000c0002f2f      0x449 build/string.o
                0x00000000c0002f2f                memset
                0x00000000c0002f8b                memcpy
                0x00000000c0002ff7                memcmp
                0x00000000c0003087                strcpy
                0x00000000c00030e9                strlen
                0x00000000c000313f                strcmp
                0x00000000c00031c6                strchr
                0x00000000c000322b                strrchr
                0x00000000c0003294                strcat
                0x00000000c000330b                strchrs
 .text          0x00000000c0003378      0x5d7 build/thread.o
                0x00000000c0003378                thread_create
                0x00000000c00033ee                running_thread
                0x00000000c000341b                init_thread
                0x00000000c00034b6                thread_init
                0x00000000c00034f3                thread_start
                0x00000000c000366e                schedule
                0x00000000c00037dd                thread_block
                0x00000000c0003844                thread_unblock
 *fill*         0x00000000c000394f        0x1 
 .text          0x00000000c0003950       0x15 build/switch.o
                0x00000000c0003950                switch_to
 .text          0x00000000c0003965      0x1e3 build/list.o
                0x00000000c0003965                list_init
                0x00000000c0003992                list_insert_before
                0x00000000c00039d3                list_push
                0x00000000c00039f0                list_append
                0x00000000c0003a0d                list_remove
                0x00000000c0003a43                list_pop
                0x00000000c0003a62                elem_find
                0x00000000c0003a9d                list_traversal
                0x00000000c0003afa                list_len
                0x00000000c0003b2f                list_empty
 .text          0x00000000c0003b48       0x9a build/console.o
                0x00000000c0003b48                console_init
                0x00000000c0003b5c                console_acquire
                0x00000000c0003b70                console_release
                0x00000000c0003b84                console_put_str
                0x00000000c0003ba1                console_put_char
                0x00000000c0003bc5                console_put_int
 .text          0x00000000c0003be2      0x347 build/sync.o
                0x00000000c0003be2                sema_init
                0x00000000c0003c07                lock_init
                0x00000000c0003c38                sema_down
                0x00000000c0003d4c                sema_up
                0x00000000c0003e02                lock_acquire
                0x00000000c0003e7e                lock_release
 .text          0x00000000c0003f29      0x2cb build/keyboard.o
                0x00000000c00041b4                keyboard_init
 .text          0x00000000c00041f4      0x2ef build/ioqueue.o
                0x00000000c00041f4                ioqueue_init
                0x00000000c000424f                ioq_full
                0x00000000c0004387                ioq_getchar
                0x00000000c0004434                ioq_putchar
 .text          0x00000000c00044e3      0x1af build/tss.o
                0x00000000c00044e3                update_tss_esp
                0x00000000c0004564                tss_init
 .text          0x00000000c0004692      0x3a1 build/process.o
                0x00000000c0004692                start_process
                0x00000000c00047da                page_dir_activate
                0x00000000c000480a                process_activate
                0x00000000c000485c                create_page_dir
                0x00000000c00048cd                create_user_vaddr_bitmap
                0x00000000c0004911                process_execute
 .text          0x00000000c0004a33       0x64 build/syscall-init.o
                0x00000000c0004a33                sys_getpid
                0x00000000c0004a45                sys_write
                0x00000000c0004a63                syscall_init
 .text          0x00000000c0004a97       0x18 build/syscall.o
                0x00000000c0004a97                write
 .text          0x00000000c0004aaf      0x187 build/stdio.o
                0x00000000c0004b36                vsprintf
                0x00000000c0004bd4                printf
 *(.gnu.warning)

.fini
 *(SORT(.fini))
                [!provide]                        PROVIDE (__etext, .)
                [!provide]                        PROVIDE (_etext, .)
                [!provide]                        PROVIDE (etext, .)

.rodata         0x00000000c0004c38      0xe8c
 *(.rodata .rodata.* .gnu.linkonce.r.*)
 .rodata        0x00000000c0004c38       0xa5 build/main.o
 .rodata        0x00000000c0004cdd        0xa build/init.o
 *fill*         0x00000000c0004ce7        0x1 
 .rodata        0x00000000c0004ce8      0x2c9 build/interrupt.o
 *fill*         0x00000000c0004fb1        0x3 
 .rodata        0x00000000c0004fb4       0x8b build/timer.o
 .rodata        0x00000000c000503f       0x3f build/debug.o
 *fill*         0x00000000c000507e        0x2 
 .rodata        0x00000000c0005080      0x263 build/memory.o
 *fill*         0x00000000c00052e3        0x1 
 .rodata        0x00000000c00052e4       0x68 build/bitmap.o
 .rodata        0x00000000c000534c       0xb9 build/string.o
 *fill*         0x00000000c0005405        0x3 
 .rodata        0x00000000c0005408      0x301 build/thread.o
 *fill*         0x00000000c0005709        0x3 
 .rodata        0x00000000c000570c      0x12f build/sync.o
 .rodata        0x00000000c000583b       0x36 build/keyboard.o
 *fill*         0x00000000c0005871        0x3 
 .rodata        0x00000000c0005874       0x9d build/ioqueue.o
 .rodata        0x00000000c0005911       0x27 build/tss.o
 .rodata        0x00000000c0005938      0x165 build/process.o
 .rodata        0x00000000c0005a9d       0x27 build/syscall-init.o

.rodata1
 *(.rodata1)

.eh_frame_hdr
 *(.eh_frame_hdr)
 *(.eh_frame_entry .eh_frame_entry.*)

.eh_frame       0x00000000c0005ac4      0xdd4
 *(.eh_frame)
 .eh_frame      0x00000000c0005ac4       0xa4 build/main.o
 .eh_frame      0x00000000c0005b68       0x20 build/init.o
                                         0x38 (size before relaxing)
 .eh_frame      0x00000000c0005b88      0x1a4 build/interrupt.o
                                        0x1bc (size before relaxing)
 .eh_frame      0x00000000c0005d2c       0x8c build/timer.o
                                         0xa4 (size before relaxing)
 .eh_frame      0x00000000c0005db8       0x1c build/debug.o
                                         0x34 (size before relaxing)
 .eh_frame      0x00000000c0005dd4      0x180 build/memory.o
                                        0x198 (size before relaxing)
 .eh_frame      0x00000000c0005f54       0x8c build/bitmap.o
                                         0xa4 (size before relaxing)
 .eh_frame      0x00000000c0005fe0      0x140 build/string.o
                                        0x158 (size before relaxing)
 .eh_frame      0x00000000c0006120      0x140 build/thread.o
                                        0x158 (size before relaxing)
 .eh_frame      0x00000000c0006260      0x140 build/list.o
                                        0x158 (size before relaxing)
 .eh_frame      0x00000000c00063a0       0xc0 build/console.o
                                         0xd8 (size before relaxing)
 .eh_frame      0x00000000c0006460       0xc8 build/sync.o
                                         0xe0 (size before relaxing)
 .eh_frame      0x00000000c0006528       0x60 build/keyboard.o
                                         0x78 (size before relaxing)
 .eh_frame      0x00000000c0006588      0x100 build/ioqueue.o
                                        0x118 (size before relaxing)
 .eh_frame      0x00000000c0006688       0x64 build/tss.o
                                         0x7c (size before relaxing)
 .eh_frame      0x00000000c00066ec       0xc0 build/process.o
                                         0xd8 (size before relaxing)
 .eh_frame      0x00000000c00067ac       0x60 build/syscall-init.o
                                         0x78 (size before relaxing)
 .eh_frame      0x00000000c000680c       0x20 build/syscall.o
                                         0x38 (size before relaxing)
 .eh_frame      0x00000000c000682c       0x6c build/stdio.o
                                         0x84 (size before relaxing)
 *(.eh_frame.*)

.gcc_except_table
 *(.gcc_except_table .gcc_except_table.*)

.gnu_extab
 *(.gnu_extab*)

.exception_ranges
 *(.exception_ranges .exception_ranges*)
                0x00000000c0008000                . = DATA_SEGMENT_ALIGN (0x1000, 0x1000)

.eh_frame
 *(.eh_frame)
 *(.eh_frame.*)

.gnu_extab
 *(.gnu_extab)

.gcc_except_table
 *(.gcc_except_table .gcc_except_table.*)

.exception_ranges
 *(.exception_ranges .exception_ranges*)

.tdata
 *(.tdata .tdata.* .gnu.linkonce.td.*)

.tbss
 *(.tbss .tbss.* .gnu.linkonce.tb.*)
 *(.tcommon)

.preinit_array  0x00000000c0008000        0x0
                [!provide]                        PROVIDE (__preinit_array_start, .)
 *(.preinit_array)
                [!provide]                        PROVIDE (__preinit_array_end, .)

.init_array     0x00000000c0008000        0x0
                [!provide]                        PROVIDE (__init_array_start, .)
 *(SORT(.init_array.*) SORT(.ctors.*))
 *(.init_array EXCLUDE_FILE(*crtend?.o *crtend.o *crtbegin?.o *crtbegin.o) .ctors)
                [!provide]                        PROVIDE (__init_array_end, .)

.fini_array     0x00000000c0008000        0x0
                [!provide]                        PROVIDE (__fini_array_start, .)
 *(SORT(.fini_array.*) SORT(.dtors.*))
 *(.fini_array EXCLUDE_FILE(*crtend?.o *crtend.o *crtbegin?.o *crtbegin.o) .dtors)
                [!provide]                        PROVIDE (__fini_array_end, .)

.ctors
 *crtbegin.o(.ctors)
 *crtbegin?.o(.ctors)
 *(EXCLUDE_FILE(*crtend?.o *crtend.o) .ctors)
 *(SORT(.ctors.*))
 *(.ctors)

.dtors
 *crtbegin.o(.dtors)
 *crtbegin?.o(.dtors)
 *(EXCLUDE_FILE(*crtend?.o *crtend.o) .dtors)
 *(SORT(.dtors.*))
 *(.dtors)

.jcr
 *(.jcr)

.data.rel.ro
 *(.data.rel.ro.local* .gnu.linkonce.d.rel.ro.local.*)
 *(.data.rel.ro .data.rel.ro.* .gnu.linkonce.d.rel.ro.*)

.dynamic
 *(.dynamic)

.got
 *(.got)
 *(.igot)
                0x00000000c0008000                . = DATA_SEGMENT_RELRO_END (., (SIZEOF (.got.plt) >= 0xc)?0xc:0x0)

.got.plt        0x00000000c0008000        0x0
 *(.got.plt)
 *(.igot.plt)

.data           0x00000000c0008000      0x1b7
 *(.data .data.* .gnu.linkonce.d.*)
 .data          0x00000000c0008000        0x0 build/main.o
 .data          0x00000000c0008000        0x0 build/init.o
 .data          0x00000000c0008000        0x0 build/interrupt.o
 .data          0x00000000c0008000        0x0 build/timer.o
 .data          0x00000000c0008000       0xc0 build/kernel.o
                0x00000000c0008000                intr_entry_table
 .data          0x00000000c00080c0       0x6b build/print.o
                0x00000000c00080c8                put_int
 .data          0x00000000c000812b        0x0 build/debug.o
 .data          0x00000000c000812b        0x0 build/memory.o
 .data          0x00000000c000812b        0x0 build/bitmap.o
 .data          0x00000000c000812b        0x0 build/string.o
 .data          0x00000000c000812b        0x0 build/thread.o
 .data          0x00000000c000812b        0x0 build/list.o
 .data          0x00000000c000812b        0x0 build/console.o
 .data          0x00000000c000812b        0x0 build/sync.o
 *fill*         0x00000000c000812b       0x15 
 .data          0x00000000c0008140       0x76 build/keyboard.o
 .data          0x00000000c00081b6        0x0 build/ioqueue.o
 .data          0x00000000c00081b6        0x0 build/tss.o
 .data          0x00000000c00081b6        0x1 build/process.o
                0x00000000c00081b6                default_prio
 .data          0x00000000c00081b7        0x0 build/syscall-init.o
 .data          0x00000000c00081b7        0x0 build/syscall.o
 .data          0x00000000c00081b7        0x0 build/stdio.o

.data1
 *(.data1)
                0x00000000c00081b7                _edata = .
                [!provide]                        PROVIDE (edata, .)
                0x00000000c00081b7                . = .
                0x00000000c00081b7                __bss_start = .

.bss            0x00000000c00081c0      0x5a0
 *(.dynbss)
 *(.bss .bss.* .gnu.linkonce.b.*)
 .bss           0x00000000c00081c0        0x8 build/main.o
                0x00000000c00081c0                test_var_a
                0x00000000c00081c4                test_var_b
 .bss           0x00000000c00081c8        0x0 build/init.o
 *fill*         0x00000000c00081c8       0x18 
 .bss           0x00000000c00081e0      0x180 build/interrupt.o
 .bss           0x00000000c0008360        0x0 build/timer.o
 .bss           0x00000000c0008360        0x0 build/debug.o
 .bss           0x00000000c0008360        0x0 build/memory.o
 .bss           0x00000000c0008360        0x0 build/bitmap.o
 .bss           0x00000000c0008360        0x0 build/string.o
 .bss           0x00000000c0008360        0x4 build/thread.o
 .bss           0x00000000c0008364        0x0 build/list.o
 .bss           0x00000000c0008364       0x1c build/console.o
 .bss           0x00000000c0008380        0x0 build/sync.o
 .bss           0x00000000c0008380       0x14 build/keyboard.o
 .bss           0x00000000c0008394        0x0 build/ioqueue.o
 *fill*         0x00000000c0008394        0xc 
 .bss           0x00000000c00083a0       0x6c build/tss.o
 .bss           0x00000000c000840c        0x0 build/process.o
 .bss           0x00000000c000840c        0x0 build/syscall-init.o
 .bss           0x00000000c000840c        0x0 build/syscall.o
 .bss           0x00000000c000840c        0x0 build/stdio.o
 *(COMMON)
 *fill*         0x00000000c000840c       0x14 
 COMMON         0x00000000c0008420      0x180 build/interrupt.o
                0x00000000c0008420                intr_name
                0x00000000c00084e0                idt_table
 COMMON         0x00000000c00085a0        0x4 build/timer.o
                0x00000000c00085a0                ticks
 *fill*         0x00000000c00085a4       0x1c 
 COMMON         0x00000000c00085c0       0x6c build/memory.o
                0x00000000c00085c0                user_pool
                0x00000000c00085ec                kernel_vaddr
                0x00000000c0008600                kernel_pool
 COMMON         0x00000000c000862c       0x24 build/thread.o
                0x00000000c000862c                thread_ready_list
                0x00000000c000863c                thread_all_list
                0x00000000c000864c                main_thread
 *fill*         0x00000000c0008650       0x10 
 COMMON         0x00000000c0008660       0x6c build/keyboard.o
                0x00000000c0008660                kbd_buf
 *fill*         0x00000000c00086cc       0x14 
 COMMON         0x00000000c00086e0       0x80 build/syscall-init.o
                0x00000000c00086e0                syscall_table
                0x00000000c0008760                . = ALIGN ((. != 0x0)?0x4:0x1)
                0x00000000c0008760                . = ALIGN (0x4)
                0x00000000c0008760                . = SEGMENT_START ("ldata-segment", .)
                0x00000000c0008760                . = ALIGN (0x4)
                0x00000000c0008760                _end = .
                [!provide]                        PROVIDE (end, .)
                0x00000000c0008760                . = DATA_SEGMENT_END (.)

.stab
 *(.stab)

.stabstr
 *(.stabstr)

.stab.excl
 *(.stab.excl)

.stab.exclstr
 *(.stab.exclstr)

.stab.index
 *(.stab.index)

.stab.indexstr
 *(.stab.indexstr)

.comment        0x0000000000000000       0x2d
 *(.comment)
 .comment       0x0000000000000000       0x2d build/main.o
                                         0x2e (size before relaxing)
 .comment       0x000000000000002d       0x2e build/init.o
 .comment       0x000000000000002d       0x2e build/interrupt.o
 .comment       0x000000000000002d       0x2e build/timer.o
 .comment       0x000000000000002d       0x2e build/debug.o
 .comment       0x000000000000002d       0x2e build/memory.o
 .comment       0x000000000000002d       0x2e build/bitmap.o
 .comment       0x000000000000002d       0x2e build/string.o
 .comment       0x000000000000002d       0x2e build/thread.o
 .comment       0x000000000000002d       0x2e build/list.o
 .comment       0x000000000000002d       0x2e build/console.o
 .comment       0x000000000000002d       0x2e build/sync.o
 .comment       0x000000000000002d       0x2e build/keyboard.o
 .comment       0x000000000000002d       0x2e build/ioqueue.o
 .comment       0x000000000000002d       0x2e build/tss.o
 .comment       0x000000000000002d       0x2e build/process.o
 .comment       0x000000000000002d       0x2e build/syscall-init.o
 .comment       0x000000000000002d       0x2e build/syscall.o
 .comment       0x000000000000002d       0x2e build/stdio.o

.debug
 *(.debug)

.line
 *(.line)

.debug_srcinfo
 *(.debug_srcinfo)

.debug_sfnames
 *(.debug_sfnames)

.debug_aranges
 *(.debug_aranges)

.debug_pubnames
 *(.debug_pubnames)

.debug_info
 *(.debug_info .gnu.linkonce.wi.*)

.debug_abbrev
 *(.debug_abbrev)

.debug_line
 *(.debug_line .debug_line.* .debug_line_end)

.debug_frame
 *(.debug_frame)

.debug_str
 *(.debug_str)

.debug_loc
 *(.debug_loc)

.debug_macinfo
 *(.debug_macinfo)

.debug_weaknames
 *(.debug_weaknames)

.debug_funcnames
 *(.debug_funcnames)

.debug_typenames
 *(.debug_typenames)

.debug_varnames
 *(.debug_varnames)

.debug_pubtypes
 *(.debug_pubtypes)

.debug_ranges
 *(.debug_ranges)

.debug_macro
 *(.debug_macro)

.gnu.attributes
 *(.gnu.attributes)

/DISCARD/
 *(.note.GNU-stack)
 *(.gnu_debuglink)
 *(.gnu.lto_*)
OUTPUT(build/kernel.bin elf32-i386)
